[2026-01-06 08:13:12.095630] --- Script Started ---
[2026-01-06 08:13:12.241646] MySQL Connector imported successfully.
[2026-01-06 08:13:12.941797] ML libraries (joblib, pandas) imported successfully.
[2026-01-06 08:13:12.942298] Processing for User ID: 1
[2026-01-06 08:13:12.996226] Database connected successfully.
[2026-01-06 08:13:12.997402] Scores Found: Vata=80, Pitta=50, Kapha=20
[2026-01-06 08:13:14.075915] AI Prediction: Vata
[2026-01-06 08:13:14.076334] Logic Check: DomScore=80, DepletedScore=20
[2026-01-06 08:13:14.076555] Condition: High Imbalance (>60)
[2026-01-06 08:13:14.076782] Condition: Adding Depleted Support (<=30)
[2026-01-06 08:13:14.078721] Fetched 8 food items for Vata
[2026-01-06 08:13:14.079367] Fetched 8 yoga items for Vata
[2026-01-06 08:13:14.079879] Fetched 8 lifestyle items for Vata
[2026-01-06 08:13:14.081034] Fetched 8 herbs for Vata
[2026-01-06 08:13:14.081697] Fetched 4 food items for Kapha
[2026-01-06 08:13:14.082430] Fetched 4 yoga items for Kapha
[2026-01-06 08:13:14.083190] Fetched 4 lifestyle items for Kapha
[2026-01-06 08:13:14.083874] Fetched 4 herbs for Kapha
[2026-01-06 08:13:14.084145] Success. Returning JSON (Legacy Format).
[2026-01-06 08:13:54.027302] --- Script Started ---
[2026-01-06 08:13:54.147234] MySQL Connector imported successfully.
[2026-01-06 08:13:54.828347] ML libraries (joblib, pandas) imported successfully.
[2026-01-06 08:13:54.828763] Processing for User ID: 1
[2026-01-06 08:13:54.891238] Database connected successfully.
[2026-01-06 08:13:54.892393] Scores Found: Vata=80, Pitta=50, Kapha=20
[2026-01-06 08:13:55.879449] AI Prediction: Vata
[2026-01-06 08:13:55.879953] Logic Check: DomScore=80, DepletedScore=20
[2026-01-06 08:13:55.880195] Condition: High Imbalance (>60)
[2026-01-06 08:13:55.880486] Condition: Adding Depleted Support (<=30)
[2026-01-06 08:13:55.881795] Fetched 8 food items for Vata
[2026-01-06 08:13:55.882818] Fetched 8 yoga items for Vata
[2026-01-06 08:13:55.883822] Fetched 8 lifestyle items for Vata
[2026-01-06 08:13:55.885077] Fetched 8 herbs for Vata
[2026-01-06 08:13:55.886185] Fetched 4 food items for Kapha
[2026-01-06 08:13:55.887193] Fetched 4 yoga items for Kapha
[2026-01-06 08:13:55.887903] Fetched 4 lifestyle items for Kapha
[2026-01-06 08:13:55.888607] Fetched 4 herbs for Kapha
[2026-01-06 08:13:55.888926] Success. Returning JSON (Legacy Format).
[2026-01-06 08:14:10.404928] --- Script Started ---
[2026-01-06 08:14:10.573181] MySQL Connector imported successfully.
[2026-01-06 08:14:11.303233] ML libraries (joblib, pandas) imported successfully.
[2026-01-06 08:14:11.304024] Processing for User ID: 1
[2026-01-06 08:14:11.371095] Database connected successfully.
[2026-01-06 08:14:11.372906] Scores Found: Vata=80, Pitta=50, Kapha=20
[2026-01-06 08:14:12.692966] AI Prediction: Vata
[2026-01-06 08:14:12.693499] Logic Check: DomScore=80, DepletedScore=20
[2026-01-06 08:14:12.693797] Condition: High Imbalance (>60)
[2026-01-06 08:14:12.694051] Condition: Adding Depleted Support (<=30)
[2026-01-06 08:14:12.695082] Fetched 8 food items for Vata
[2026-01-06 08:14:12.695801] Fetched 8 yoga items for Vata
[2026-01-06 08:14:12.696729] Fetched 8 lifestyle items for Vata
[2026-01-06 08:14:12.697320] Fetched 8 herbs for Vata
[2026-01-06 08:14:12.698165] Fetched 4 food items for Kapha
[2026-01-06 08:14:12.698896] Fetched 4 yoga items for Kapha
[2026-01-06 08:14:12.699855] Fetched 4 lifestyle items for Kapha
[2026-01-06 08:14:12.700401] Fetched 4 herbs for Kapha
[2026-01-06 08:14:12.701001] Success. Returning JSON (Legacy Format).
[2026-01-06 08:19:41.368230] --- Script Started ---
[2026-01-06 08:19:41.494671] MySQL Connector imported successfully.
[2026-01-06 08:19:42.207457] ML libraries (joblib, pandas) imported successfully.
[2026-01-06 08:19:42.207816] Processing for User ID: 15
[2026-01-06 08:19:42.272634] Database connected successfully.
[2026-01-06 08:19:42.273876] Scores Found: Vata=70, Pitta=40, Kapha=115
[2026-01-06 08:19:43.297340] AI Prediction: Kapha
[2026-01-06 08:19:43.297848] Logic Check: DomScore=115, DepletedScore=40
[2026-01-06 08:19:43.298158] Condition: High Imbalance (>60)
[2026-01-06 08:19:43.299315] Fetched 8 food items for Kapha
[2026-01-06 08:19:43.300540] Fetched 8 yoga items for Kapha
[2026-01-06 08:19:43.301566] Fetched 8 lifestyle items for Kapha
[2026-01-06 08:19:43.302536] Fetched 8 herbs for Kapha
[2026-01-06 08:19:43.302809] Success. Returning JSON (Legacy Format).
[2026-01-06 14:19:20.989194] --- Script Started ---
[2026-01-06 14:19:21.375863] MySQL Connector imported successfully.
[2026-01-06 14:19:23.305399] ML libraries (joblib, pandas) imported successfully.
[2026-01-06 14:19:23.307127] Processing for User ID: 15
[2026-01-06 14:19:23.448449] Database connected successfully.
[2026-01-06 14:19:23.451095] Scores Found: Vata=75, Pitta=90, Kapha=50
[2026-01-06 14:19:27.088129] AI Prediction: Pitta
[2026-01-06 14:19:27.089632] Logic Check: DomScore=90, DepletedScore=50
[2026-01-06 14:19:27.090754] Condition: High Imbalance (>60)
[2026-01-06 14:19:27.094454] Fetched 8 food items for Pitta
[2026-01-06 14:19:27.096553] Fetched 8 yoga items for Pitta
[2026-01-06 14:19:27.098766] Fetched 8 lifestyle items for Pitta
[2026-01-06 14:19:27.101335] Fetched 8 herbs for Pitta
[2026-01-06 14:19:27.102633] Success. Returning JSON (Legacy Format).
[2026-01-06 15:40:32.744353] --- Script Started ---
[2026-01-06 15:40:32.940218] MySQL Connector imported successfully.
[2026-01-06 15:40:37.297203] ML libraries (joblib, pandas) imported successfully.
[2026-01-06 15:40:37.298066] Processing for User ID: 15
[2026-01-06 15:40:37.365001] Database connected successfully.
[2026-01-06 15:40:37.366136] Scores Found: Vata=75, Pitta=90, Kapha=50
[2026-01-06 15:40:47.756033] AI Prediction: Pitta
[2026-01-06 15:40:47.756606] Logic Check: DomScore=90, DepletedScore=50
[2026-01-06 15:40:47.757033] Condition: High Imbalance (>60)
[2026-01-06 15:40:47.776930] Fetched 8 food items for Pitta
[2026-01-06 15:40:47.778817] Fetched 8 yoga items for Pitta
[2026-01-06 15:40:47.780172] Fetched 8 lifestyle items for Pitta
[2026-01-06 15:40:47.801242] Fetched 8 herbs for Pitta
[2026-01-06 15:40:47.801920] Success. Returning JSON (Legacy Format).
[2026-01-06 15:40:49.694794] --- Script Started ---
[2026-01-06 15:40:49.873963] MySQL Connector imported successfully.
[2026-01-06 15:40:50.936297] ML libraries (joblib, pandas) imported successfully.
[2026-01-06 15:40:50.936898] Processing for User ID: 15
[2026-01-06 15:40:51.006008] Database connected successfully.
[2026-01-06 15:40:51.007584] Scores Found: Vata=75, Pitta=90, Kapha=50
[2026-01-06 15:40:52.623476] AI Prediction: Pitta
[2026-01-06 15:40:52.624507] Logic Check: DomScore=90, DepletedScore=50
[2026-01-06 15:40:52.625390] Condition: High Imbalance (>60)
[2026-01-06 15:40:52.627370] Fetched 8 food items for Pitta
[2026-01-06 15:40:52.629058] Fetched 8 yoga items for Pitta
[2026-01-06 15:40:52.630999] Fetched 8 lifestyle items for Pitta
[2026-01-06 15:40:52.633013] Fetched 8 herbs for Pitta
[2026-01-06 15:40:52.633570] Success. Returning JSON (Legacy Format).
[2026-01-06 21:20:45.374070] --- Script Started ---
[2026-01-06 21:20:45.767156] MySQL Connector imported successfully.
[2026-01-06 21:20:54.400796] ML libraries (joblib, pandas) imported successfully.
[2026-01-06 21:20:54.402163] Processing for User ID: 15
[2026-01-06 21:20:54.603803] Database connected successfully.
[2026-01-06 21:20:54.606549] Scores Found: Vata=75, Pitta=90, Kapha=50
[2026-01-06 21:20:58.862399] --- Script Started ---
[2026-01-06 21:20:59.313411] MySQL Connector imported successfully.
[2026-01-06 21:21:01.536794] ML libraries (joblib, pandas) imported successfully.
[2026-01-06 21:21:01.538179] Processing for User ID: 15
[2026-01-06 21:21:01.687488] Database connected successfully.
[2026-01-06 21:21:01.690320] Scores Found: Vata=75, Pitta=90, Kapha=50
[2026-01-06 21:21:16.828478] AI Prediction: Pitta
[2026-01-06 21:21:16.830127] Logic Check: DomScore=90, DepletedScore=50
[2026-01-06 21:21:16.831147] Condition: High Imbalance (>60)
[2026-01-06 21:21:16.831888] AI Prediction: Pitta
[2026-01-06 21:21:16.833102] Logic Check: DomScore=90, DepletedScore=50
[2026-01-06 21:21:16.834194] Condition: High Imbalance (>60)
[2026-01-06 21:21:16.842253] Fetched 8 food items for Pitta
[2026-01-06 21:21:16.842358] Fetched 8 food items for Pitta
[2026-01-06 21:21:16.844802] Fetched 8 yoga items for Pitta
[2026-01-06 21:21:16.845140] Fetched 8 yoga items for Pitta
[2026-01-06 21:21:16.847726] Fetched 8 lifestyle items for Pitta
[2026-01-06 21:21:16.858093] Fetched 8 herbs for Pitta
[2026-01-06 21:21:16.858922] Fetched 8 herbs for Pitta
[2026-01-06 21:21:16.859590] Success. Returning JSON (Legacy Format).
[2026-01-06 21:21:16.860522] Success. Returning JSON (Legacy Format).
[2026-01-06 21:22:26.099228] --- Script Started ---
[2026-01-06 21:22:26.467111] MySQL Connector imported successfully.
[2026-01-06 21:22:28.304392] ML libraries (joblib, pandas) imported successfully.
[2026-01-06 21:22:28.305529] Processing for User ID: 15
[2026-01-06 21:22:28.447539] Database connected successfully.
[2026-01-06 21:22:28.450068] Scores Found: Vata=75, Pitta=90, Kapha=50
[2026-01-06 21:22:31.775961] AI Prediction: Pitta
[2026-01-06 21:22:31.777434] Logic Check: DomScore=90, DepletedScore=50
[2026-01-06 21:22:31.778532] Condition: High Imbalance (>60)
[2026-01-06 21:22:31.781135] Fetched 8 food items for Pitta
[2026-01-06 21:22:31.783456] Fetched 8 yoga items for Pitta
[2026-01-06 21:22:31.785787] Fetched 8 lifestyle items for Pitta
[2026-01-06 21:22:31.788411] Fetched 8 herbs for Pitta
[2026-01-06 21:22:31.789450] Success. Returning JSON (Legacy Format).
[2026-01-06 21:23:59.330609] --- Script Started ---
[2026-01-06 21:23:59.714189] MySQL Connector imported successfully.
[2026-01-06 21:24:01.616740] ML libraries (joblib, pandas) imported successfully.
[2026-01-06 21:24:01.617884] Processing for User ID: 15
[2026-01-06 21:24:01.761141] Database connected successfully.
[2026-01-06 21:24:01.763659] Scores Found: Vata=75, Pitta=90, Kapha=50
[2026-01-06 21:24:05.073061] AI Prediction: Pitta
[2026-01-06 21:24:05.074297] Logic Check: DomScore=90, DepletedScore=50
[2026-01-06 21:24:05.075113] Condition: High Imbalance (>60)
[2026-01-06 21:24:05.077708] Fetched 8 food items for Pitta
[2026-01-06 21:24:05.079698] Fetched 8 yoga items for Pitta
[2026-01-06 21:24:05.081588] Fetched 8 lifestyle items for Pitta
[2026-01-06 21:24:05.083499] Fetched 8 herbs for Pitta
[2026-01-06 21:24:05.084643] Success. Returning JSON (Legacy Format).
[2026-01-07 08:35:13.317056] --- Script Started ---
[2026-01-07 08:35:13.639180] MySQL Connector imported successfully.
[2026-01-07 08:35:22.200850] ML libraries (joblib, pandas) imported successfully.
[2026-01-07 08:35:22.202034] Processing for User ID: 15
[2026-01-07 08:35:22.355580] Database connected successfully.
[2026-01-07 08:35:22.358777] Scores Found: Vata=75, Pitta=90, Kapha=50
[2026-01-07 08:35:25.614184] --- Script Started ---
[2026-01-07 08:35:26.040568] MySQL Connector imported successfully.
[2026-01-07 08:35:28.278782] ML libraries (joblib, pandas) imported successfully.
[2026-01-07 08:35:28.280669] Processing for User ID: 15
[2026-01-07 08:35:28.438838] Database connected successfully.
[2026-01-07 08:35:28.442347] Scores Found: Vata=75, Pitta=90, Kapha=50
[2026-01-07 08:35:42.439773] --- Script Started ---
[2026-01-07 08:35:42.917168] MySQL Connector imported successfully.
[2026-01-07 08:35:45.076350] ML libraries (joblib, pandas) imported successfully.
[2026-01-07 08:35:45.077955] Processing for User ID: 15
[2026-01-07 08:35:45.246574] Database connected successfully.
[2026-01-07 08:35:45.249783] Scores Found: Vata=75, Pitta=90, Kapha=50
[2026-01-07 08:35:46.868437] AI Prediction: Pitta
[2026-01-07 08:35:46.870311] Logic Check: DomScore=90, DepletedScore=50
[2026-01-07 08:35:46.872373] Condition: High Imbalance (>60)
[2026-01-07 08:35:46.908063] Fetched 8 food items for Pitta
[2026-01-07 08:35:46.910784] Fetched 8 yoga items for Pitta
[2026-01-07 08:35:46.913229] Fetched 8 lifestyle items for Pitta
[2026-01-07 08:35:46.913957] Fetched 8 lifestyle items for Pitta
[2026-01-07 08:35:46.939152] Fetched 8 herbs for Pitta
[2026-01-07 08:35:46.939781] Fetched 8 herbs for Pitta
[2026-01-07 08:35:46.940345] Success. Returning JSON (Legacy Format).
[2026-01-07 08:35:46.941177] Success. Returning JSON (Legacy Format).
[2026-01-07 08:35:48.999097] AI Prediction: Pitta
[2026-01-07 08:35:49.000600] Logic Check: DomScore=90, DepletedScore=50
[2026-01-07 08:35:49.001995] Condition: High Imbalance (>60)
[2026-01-07 08:35:49.004618] Fetched 8 food items for Pitta
[2026-01-07 08:35:49.006820] Fetched 8 yoga items for Pitta
[2026-01-07 08:35:49.008940] Fetched 8 lifestyle items for Pitta
[2026-01-07 08:35:49.011333] Fetched 8 herbs for Pitta
[2026-01-07 08:35:49.012537] Success. Returning JSON (Legacy Format).
[2026-01-07 08:36:57.196444] --- Script Started ---
[2026-01-07 08:36:57.620566] MySQL Connector imported successfully.
[2026-01-07 08:36:59.766350] ML libraries (joblib, pandas) imported successfully.
[2026-01-07 08:36:59.768312] Processing for User ID: 15
[2026-01-07 08:36:59.920680] Database connected successfully.
[2026-01-07 08:36:59.923495] Scores Found: Vata=75, Pitta=90, Kapha=50
[2026-01-07 08:37:03.458985] AI Prediction: Pitta
[2026-01-07 08:37:03.460040] Logic Check: DomScore=90, DepletedScore=50
[2026-01-07 08:37:03.461862] Condition: High Imbalance (>60)
[2026-01-07 08:37:03.464415] Fetched 8 food items for Pitta
[2026-01-07 08:37:03.466694] Fetched 8 yoga items for Pitta
[2026-01-07 08:37:03.468886] Fetched 8 lifestyle items for Pitta
[2026-01-07 08:37:03.471009] Fetched 8 herbs for Pitta
[2026-01-07 08:37:03.472298] Success. Returning JSON (Legacy Format).
[2026-01-07 09:01:23.700753] --- Script Started ---
[2026-01-07 09:01:24.068046] MySQL Connector imported successfully.
[2026-01-07 09:01:26.704001] ML libraries (joblib, pandas) imported successfully.
[2026-01-07 09:01:26.705523] Processing for User ID: 15
[2026-01-07 09:01:26.847800] Database connected successfully.
[2026-01-07 09:01:26.850661] Scores Found: Vata=75, Pitta=90, Kapha=50
[2026-01-07 09:01:31.543287] AI Prediction: Pitta
[2026-01-07 09:01:31.544717] Logic Check: DomScore=90, DepletedScore=50
[2026-01-07 09:01:31.546027] Condition: High Imbalance (>60)
[2026-01-07 09:01:31.548685] Fetched 8 food items for Pitta
[2026-01-07 09:01:31.551047] Fetched 8 yoga items for Pitta
[2026-01-07 09:01:31.553304] Fetched 8 lifestyle items for Pitta
[2026-01-07 09:01:31.555671] Fetched 8 herbs for Pitta
[2026-01-07 09:01:31.557001] Success. Returning JSON (Legacy Format).
[2026-01-07 09:02:34.158340] --- Script Started ---
[2026-01-07 09:02:34.543553] MySQL Connector imported successfully.
[2026-01-07 09:02:36.351813] ML libraries (joblib, pandas) imported successfully.
[2026-01-07 09:02:36.353142] Processing for User ID: 15
[2026-01-07 09:02:36.490831] Database connected successfully.
[2026-01-07 09:02:36.493829] Scores Found: Vata=20, Pitta=90, Kapha=85
[2026-01-07 09:02:39.830641] AI Prediction: Pitta
[2026-01-07 09:02:39.832250] Logic Check: DomScore=90, DepletedScore=20
[2026-01-07 09:02:39.833506] Condition: High Imbalance (>60)
[2026-01-07 09:02:39.834637] Condition: Adding Depleted Support (<=30)
[2026-01-07 09:02:39.837542] Fetched 8 food items for Pitta
[2026-01-07 09:02:39.839723] Fetched 8 yoga items for Pitta
[2026-01-07 09:02:39.841805] Fetched 8 lifestyle items for Pitta
[2026-01-07 09:02:39.843951] Fetched 8 herbs for Pitta
[2026-01-07 09:02:39.845949] Fetched 4 food items for Vata
[2026-01-07 09:02:39.848021] Fetched 4 yoga items for Vata
[2026-01-07 09:02:39.850028] Fetched 4 lifestyle items for Vata
[2026-01-07 09:02:39.851990] Fetched 4 herbs for Vata
[2026-01-07 09:02:39.853126] Success. Returning JSON (Legacy Format).
[2026-01-07 09:04:13.383938] --- Script Started ---
[2026-01-07 09:04:13.759303] MySQL Connector imported successfully.
[2026-01-07 09:04:15.667068] ML libraries (joblib, pandas) imported successfully.
[2026-01-07 09:04:15.668491] Processing for User ID: 15
[2026-01-07 09:04:15.809772] Database connected successfully.
[2026-01-07 09:04:15.811976] Scores Found: Vata=10, Pitta=105, Kapha=70
[2026-01-07 09:04:19.231285] AI Prediction: Pitta
[2026-01-07 09:04:19.232691] Logic Check: DomScore=105, DepletedScore=10
[2026-01-07 09:04:19.234158] Condition: High Imbalance (>60)
[2026-01-07 09:04:19.235411] Condition: Adding Depleted Support (<=30)
[2026-01-07 09:04:19.238066] Fetched 8 food items for Pitta
[2026-01-07 09:04:19.240481] Fetched 8 yoga items for Pitta
[2026-01-07 09:04:19.242656] Fetched 8 lifestyle items for Pitta
[2026-01-07 09:04:19.244800] Fetched 8 herbs for Pitta
[2026-01-07 09:04:19.246591] Fetched 4 food items for Vata
[2026-01-07 09:04:19.248541] Fetched 4 yoga items for Vata
[2026-01-07 09:04:19.250409] Fetched 4 lifestyle items for Vata
[2026-01-07 09:04:19.252462] Fetched 4 herbs for Vata
[2026-01-07 09:04:19.253618] Success. Returning JSON (Legacy Format).
[2026-01-07 09:23:44.373321] --- Script Started ---
[2026-01-07 09:23:44.783448] MySQL Connector imported successfully.
[2026-01-07 09:23:47.172358] ML libraries (joblib, pandas) imported successfully.
[2026-01-07 09:23:47.173810] Processing for User ID: 15
[2026-01-07 09:23:47.319124] Database connected successfully.
[2026-01-07 09:23:47.322126] Scores Found: Vata=10, Pitta=105, Kapha=70
[2026-01-07 09:23:51.752863] AI Prediction: Pitta
[2026-01-07 09:23:51.754485] Logic Check: DomScore=105, DepletedScore=10
[2026-01-07 09:23:51.755683] Condition: High Imbalance (>60)
[2026-01-07 09:23:51.756940] Condition: Adding Depleted Support (<=30)
[2026-01-07 09:23:51.759662] Fetched 8 food items for Pitta
[2026-01-07 09:23:51.762092] Fetched 8 yoga items for Pitta
[2026-01-07 09:23:51.764694] Fetched 8 lifestyle items for Pitta
[2026-01-07 09:23:51.767100] Fetched 8 herbs for Pitta
[2026-01-07 09:23:51.769403] Fetched 4 food items for Vata
[2026-01-07 09:23:51.771309] Fetched 4 yoga items for Vata
[2026-01-07 09:23:51.773352] Fetched 4 lifestyle items for Vata
[2026-01-07 09:23:51.775423] Fetched 4 herbs for Vata
[2026-01-07 09:23:51.776699] Success. Returning JSON (Legacy Format).
[2026-01-07 10:42:29.760734] --- Script Started ---
[2026-01-07 10:42:30.243827] MySQL Connector imported successfully.
[2026-01-07 10:42:32.626584] ML libraries (joblib, pandas) imported successfully.
[2026-01-07 10:42:32.628344] Processing for User ID: 15
[2026-01-07 10:42:32.800003] Database connected successfully.
[2026-01-07 10:42:32.804104] Scores Found: Vata=10, Pitta=105, Kapha=70
[2026-01-07 10:42:37.022250] AI Prediction: Pitta
[2026-01-07 10:42:37.023500] Logic Check: DomScore=105, DepletedScore=10
[2026-01-07 10:42:37.025096] Condition: High Imbalance (>60)
[2026-01-07 10:42:37.026569] Condition: Adding Depleted Support (<=30)
[2026-01-07 10:42:37.029691] Fetched 8 food items for Pitta
[2026-01-07 10:42:37.032012] Fetched 8 yoga items for Pitta
[2026-01-07 10:42:37.034529] Fetched 8 lifestyle items for Pitta
[2026-01-07 10:42:37.037298] Fetched 8 herbs for Pitta
[2026-01-07 10:42:37.039624] Fetched 4 food items for Vata
[2026-01-07 10:42:37.041660] Fetched 4 yoga items for Vata
[2026-01-07 10:42:37.043728] Fetched 4 lifestyle items for Vata
[2026-01-07 10:42:37.045696] Fetched 4 herbs for Vata
[2026-01-07 10:42:37.046804] Success. Returning JSON (Legacy Format).
[2026-01-07 10:43:37.349310] --- Script Started ---
[2026-01-07 10:43:37.806616] MySQL Connector imported successfully.
[2026-01-07 10:43:40.043157] ML libraries (joblib, pandas) imported successfully.
[2026-01-07 10:43:40.044957] Processing for User ID: 15
[2026-01-07 10:43:40.377222] Database connected successfully.
[2026-01-07 10:43:40.380246] Scores Found: Vata=10, Pitta=105, Kapha=70
[2026-01-07 10:43:44.328541] AI Prediction: Pitta
[2026-01-07 10:43:44.329706] Logic Check: DomScore=105, DepletedScore=10
[2026-01-07 10:43:44.331314] Condition: High Imbalance (>60)
[2026-01-07 10:43:44.332718] Condition: Adding Depleted Support (<=30)
[2026-01-07 10:43:44.335406] Fetched 8 food items for Pitta
[2026-01-07 10:43:44.338017] Fetched 8 yoga items for Pitta
[2026-01-07 10:43:44.340613] Fetched 8 lifestyle items for Pitta
[2026-01-07 10:43:44.343156] Fetched 8 herbs for Pitta
[2026-01-07 10:43:44.345304] Fetched 4 food items for Vata
[2026-01-07 10:43:44.346995] Fetched 4 yoga items for Vata
[2026-01-07 10:43:44.348652] Fetched 4 lifestyle items for Vata
[2026-01-07 10:43:44.350775] Fetched 4 herbs for Vata
[2026-01-07 10:43:44.352112] Success. Returning JSON (Legacy Format).
[2026-01-07 10:45:56.252522] --- Script Started ---
[2026-01-07 10:45:56.771701] MySQL Connector imported successfully.
[2026-01-07 10:45:59.163219] ML libraries (joblib, pandas) imported successfully.
[2026-01-07 10:45:59.164841] Processing for User ID: 15
[2026-01-07 10:45:59.542422] Database connected successfully.
[2026-01-07 10:45:59.545771] Scores Found: Vata=10, Pitta=105, Kapha=70
[2026-01-07 10:46:03.796406] AI Prediction: Pitta
[2026-01-07 10:46:03.797569] Logic Check: DomScore=105, DepletedScore=10
[2026-01-07 10:46:03.799023] Condition: High Imbalance (>60)
[2026-01-07 10:46:03.800667] Condition: Adding Depleted Support (<=30)
[2026-01-07 10:46:03.804982] Fetched 8 food items for Pitta
[2026-01-07 10:46:03.807356] Fetched 8 yoga items for Pitta
[2026-01-07 10:46:03.810177] Fetched 8 lifestyle items for Pitta
[2026-01-07 10:46:03.812956] Fetched 8 herbs for Pitta
[2026-01-07 10:46:03.815567] Fetched 4 food items for Vata
[2026-01-07 10:46:03.817722] Fetched 4 yoga items for Vata
[2026-01-07 10:46:03.819961] Fetched 4 lifestyle items for Vata
[2026-01-07 10:46:03.822368] Fetched 4 herbs for Vata
[2026-01-07 10:46:03.823767] Success. Returning JSON (Legacy Format).
[2026-01-07 12:24:19.583978] --- Script Started ---
[2026-01-07 12:24:20.006925] MySQL Connector imported successfully.
[2026-01-07 12:24:22.776080] ML libraries (joblib, pandas) imported successfully.
[2026-01-07 12:24:22.777597] Processing for User ID: 56
[2026-01-07 12:24:22.930843] Database connected successfully.
[2026-01-07 12:24:22.933472] No scores found for user.
[2026-01-07 12:24:57.289830] --- Script Started ---
[2026-01-07 12:24:57.693064] MySQL Connector imported successfully.
[2026-01-07 12:24:59.661142] ML libraries (joblib, pandas) imported successfully.
[2026-01-07 12:24:59.663132] Processing for User ID: 56
[2026-01-07 12:24:59.801399] Database connected successfully.
[2026-01-07 12:24:59.804275] Scores Found: Vata=85, Pitta=40, Kapha=70
[2026-01-07 12:25:04.757491] AI Prediction: Vata
[2026-01-07 12:25:04.759242] Logic Check: DomScore=85, DepletedScore=40
[2026-01-07 12:25:04.760672] Condition: High Imbalance (>60)
[2026-01-07 12:25:04.779960] Fetched 8 food items for Vata
[2026-01-07 12:25:04.782373] Fetched 8 yoga items for Vata
[2026-01-07 12:25:04.784591] Fetched 8 lifestyle items for Vata
[2026-01-07 12:25:04.803846] Fetched 8 herbs for Vata
[2026-01-07 12:25:04.805155] Success. Returning JSON (Legacy Format).
[2026-01-07 12:36:14.258176] --- Script Started ---
[2026-01-07 12:36:14.676362] MySQL Connector imported successfully.
[2026-01-07 12:36:16.782853] ML libraries (joblib, pandas) imported successfully.
[2026-01-07 12:36:16.784504] Processing for User ID: 56
[2026-01-07 12:36:16.973295] Database connected successfully.
[2026-01-07 12:36:16.976661] Scores Found: Vata=85, Pitta=40, Kapha=70
[2026-01-07 12:36:20.601342] AI Prediction: Vata
[2026-01-07 12:36:20.602567] Logic Check: DomScore=85, DepletedScore=40
[2026-01-07 12:36:20.603815] Condition: High Imbalance (>60)
[2026-01-07 12:36:20.606175] Fetched 8 food items for Vata
[2026-01-07 12:36:20.608295] Fetched 8 yoga items for Vata
[2026-01-07 12:36:20.610457] Fetched 8 lifestyle items for Vata
[2026-01-07 12:36:20.612727] Fetched 8 herbs for Vata
[2026-01-07 12:36:20.614078] Success. Returning JSON (Legacy Format).
[2026-01-07 13:12:23.877891] --- Script Started ---
[2026-01-07 13:12:24.053997] MySQL Connector imported successfully.
[2026-01-07 13:12:25.207779] ML libraries (joblib, pandas) imported successfully.
[2026-01-07 13:12:25.208229] Processing for User ID: 15
[2026-01-07 13:12:25.340737] Database connected successfully.
[2026-01-07 13:12:25.341830] Scores Found: Vata=20, Pitta=70, Kapha=105
[2026-01-07 13:12:27.320256] AI Prediction: Kapha
[2026-01-07 13:12:27.320891] Logic Check: DomScore=105, DepletedScore=20
[2026-01-07 13:12:27.321239] Condition: High Imbalance (>60)
[2026-01-07 13:12:27.321595] Condition: Adding Depleted Support (<=30)
[2026-01-07 13:12:27.323055] Fetched 8 food items for Kapha
[2026-01-07 13:12:27.324212] Fetched 8 yoga items for Kapha
[2026-01-07 13:12:27.325270] Fetched 8 lifestyle items for Kapha
[2026-01-07 13:12:27.326611] Fetched 8 herbs for Kapha
[2026-01-07 13:12:27.327349] Fetched 4 food items for Vata
[2026-01-07 13:12:27.327858] Fetched 4 yoga items for Vata
[2026-01-07 13:12:27.328361] Fetched 4 lifestyle items for Vata
[2026-01-07 13:12:27.328923] Fetched 4 herbs for Vata
[2026-01-07 13:12:27.329218] Success. Returning JSON (Legacy Format).
[2026-01-07 13:31:46.262454] --- Script Started ---
[2026-01-07 13:31:46.682591] MySQL Connector imported successfully.
[2026-01-07 13:31:48.764235] ML libraries (joblib, pandas) imported successfully.
[2026-01-07 13:31:48.764957] Processing for User ID: 15
[2026-01-07 13:31:48.932643] Database connected successfully.
[2026-01-07 13:31:48.935443] Scores Found: Vata=105, Pitta=55, Kapha=50
[2026-01-07 13:31:52.611094] AI Prediction: Vata
[2026-01-07 13:31:52.612791] Logic Check: DomScore=105, DepletedScore=50
[2026-01-07 13:31:52.614095] Condition: High Imbalance (>60)
[2026-01-07 13:31:52.616795] Fetched 8 food items for Vata
[2026-01-07 13:31:52.619751] Fetched 8 yoga items for Vata
[2026-01-07 13:31:52.622007] Fetched 8 lifestyle items for Vata
[2026-01-07 13:31:52.624229] Fetched 8 herbs for Vata
[2026-01-07 13:31:52.625325] Success. Returning JSON (Legacy Format).
[2026-01-07 13:33:03.231409] --- Script Started ---
[2026-01-07 13:33:03.711797] MySQL Connector imported successfully.
[2026-01-07 13:33:05.943039] ML libraries (joblib, pandas) imported successfully.
[2026-01-07 13:33:05.944697] Processing for User ID: 15
[2026-01-07 13:33:06.114256] Database connected successfully.
[2026-01-07 13:33:06.117259] Scores Found: Vata=105, Pitta=55, Kapha=50
[2026-01-07 13:33:10.085522] AI Prediction: Vata
[2026-01-07 13:33:10.087399] Logic Check: DomScore=105, DepletedScore=50
[2026-01-07 13:33:10.088746] Condition: High Imbalance (>60)
[2026-01-07 13:33:10.091260] Fetched 8 food items for Vata
[2026-01-07 13:33:10.093399] Fetched 8 yoga items for Vata
[2026-01-07 13:33:10.095709] Fetched 8 lifestyle items for Vata
[2026-01-07 13:33:10.098507] Fetched 8 herbs for Vata
[2026-01-07 13:33:10.100038] Success. Returning JSON (Legacy Format).
[2026-01-07 13:37:27.288894] --- Script Started ---
[2026-01-07 13:37:27.718061] MySQL Connector imported successfully.
[2026-01-07 13:37:29.742268] ML libraries (joblib, pandas) imported successfully.
[2026-01-07 13:37:29.743632] Processing for User ID: 15
[2026-01-07 13:37:29.887814] Database connected successfully.
[2026-01-07 13:37:29.890523] Scores Found: Vata=105, Pitta=55, Kapha=50
[2026-01-07 13:37:33.356808] AI Prediction: Vata
[2026-01-07 13:37:33.358335] Logic Check: DomScore=105, DepletedScore=50
[2026-01-07 13:37:33.359499] Condition: High Imbalance (>60)
[2026-01-07 13:37:33.361918] Fetched 8 food items for Vata
[2026-01-07 13:37:33.363536] Fetched 8 yoga items for Vata
[2026-01-07 13:37:33.364872] Fetched 8 lifestyle items for Vata
[2026-01-07 13:37:33.366975] Fetched 8 herbs for Vata
[2026-01-07 13:37:33.368255] Success. Returning JSON (Legacy Format).
[2026-01-07 13:44:04.546215] --- Script Started ---
[2026-01-07 13:44:04.707482] MySQL Connector imported successfully.
[2026-01-07 13:44:04.708073] Processing for User ID: 15
[2026-01-07 13:44:04.960886] Database connected successfully.
[2026-01-07 13:44:04.963518] Scores Found: Vata=105, Pitta=55, Kapha=50
[2026-01-07 13:44:04.964293] Fallback Dominant: Vata
[2026-01-07 13:44:04.965347] Logic Check: DomScore=105, DepletedScore=50
[2026-01-07 13:44:04.966374] Condition: High Imbalance (>60)
[2026-01-07 13:44:04.968360] Fetched 8 food items for Vata
[2026-01-07 13:44:04.969756] Fetched 8 yoga items for Vata
[2026-01-07 13:44:04.971480] Fetched 8 lifestyle items for Vata
[2026-01-07 13:44:04.973046] Fetched 8 herbs for Vata
[2026-01-07 13:44:04.973656] Success. Returning JSON (Legacy Format).
[2026-01-07 14:02:07.470897] --- Script Started ---
[2026-01-07 14:02:07.933620] MySQL Connector imported successfully.
[2026-01-07 14:02:07.934788] Processing for User ID: 15
[2026-01-07 14:02:08.095779] Database connected successfully.
[2026-01-07 14:02:08.098437] Scores Found: Vata=105, Pitta=55, Kapha=50
[2026-01-07 14:02:08.099751] Fallback Dominant: Vata
[2026-01-07 14:02:08.101045] Logic Check: DomScore=105, DepletedScore=50
[2026-01-07 14:02:08.101975] Condition: High Imbalance (>60)
[2026-01-07 14:02:08.111307] Fetched 8 food items for Vata
[2026-01-07 14:02:08.113443] Fetched 8 yoga items for Vata
[2026-01-07 14:02:08.115388] Fetched 8 lifestyle items for Vata
[2026-01-07 14:02:08.117720] Fetched 8 herbs for Vata
[2026-01-07 14:02:08.118778] Success. Returning JSON (Legacy Format).
[2026-01-07 14:36:03.417376] --- Script Started ---
[2026-01-07 14:36:03.567288] MySQL Connector imported successfully.
[2026-01-07 14:36:03.568017] Processing for User ID: 15
[2026-01-07 14:36:03.644474] Database connected successfully.
[2026-01-07 14:36:03.646359] Scores Found: Vata=105, Pitta=55, Kapha=50
[2026-01-07 14:36:03.647062] Fallback Dominant: Vata
[2026-01-07 14:36:03.647789] Logic Check: DomScore=105, DepletedScore=50
[2026-01-07 14:36:03.648445] Condition: High Imbalance (>60)
[2026-01-07 14:36:03.649670] Fetched 8 food items for Vata
[2026-01-07 14:36:03.650701] Fetched 8 yoga items for Vata
[2026-01-07 14:36:03.651380] Fetched 8 lifestyle items for Vata
[2026-01-07 14:36:03.651934] Fetched 8 herbs for Vata
[2026-01-07 14:36:03.652208] Success. Returning JSON (Legacy Format).
[2026-01-07 14:47:05.667226] --- Script Started ---
[2026-01-07 14:47:05.821423] MySQL Connector imported successfully.
[2026-01-07 14:47:05.821802] Processing for User ID: 15
[2026-01-07 14:47:05.902857] Database connected successfully.
[2026-01-07 14:47:05.904411] Scores Found: Vata=105, Pitta=55, Kapha=50
[2026-01-07 14:47:05.904744] Fallback Dominant: Vata
[2026-01-07 14:47:05.904986] Logic Check: DomScore=105, DepletedScore=50
[2026-01-07 14:47:05.905402] Condition: High Imbalance (>60)
[2026-01-07 14:47:05.906461] Fetched 8 food items for Vata
[2026-01-07 14:47:05.907162] Fetched 8 yoga items for Vata
[2026-01-07 14:47:05.907985] Fetched 8 lifestyle items for Vata
[2026-01-07 14:47:05.908882] Fetched 8 herbs for Vata
[2026-01-07 14:47:05.909283] Success. Returning JSON (Legacy Format).
[2026-01-07 20:23:04.666049] --- Script Started ---
[2026-01-07 20:23:05.069816] MySQL Connector imported successfully.
[2026-01-07 20:23:05.071067] Processing for User ID: 15
[2026-01-07 20:23:05.263270] Database connected successfully.
[2026-01-07 20:23:05.266122] Scores Found: Vata=105, Pitta=55, Kapha=50
[2026-01-07 20:23:05.267406] Fallback Dominant: Vata
[2026-01-07 20:23:05.268661] Logic Check: DomScore=105, DepletedScore=50
[2026-01-07 20:23:05.269811] Condition: High Imbalance (>60)
[2026-01-07 20:23:05.297587] Fetched 8 food items for Vata
[2026-01-07 20:23:05.300159] Fetched 8 yoga items for Vata
[2026-01-07 20:23:05.302336] Fetched 8 lifestyle items for Vata
[2026-01-07 20:23:05.322234] Fetched 8 herbs for Vata
[2026-01-07 20:23:05.323669] Success. Returning JSON (Legacy Format).
[2026-01-07 20:24:00.020432] --- Script Started ---
[2026-01-07 20:24:00.431396] MySQL Connector imported successfully.
[2026-01-07 20:24:00.432705] Processing for User ID: 15
[2026-01-07 20:24:00.578990] Database connected successfully.
[2026-01-07 20:24:00.581813] Scores Found: Vata=105, Pitta=55, Kapha=50
[2026-01-07 20:24:00.583346] Fallback Dominant: Vata
[2026-01-07 20:24:00.584534] Logic Check: DomScore=105, DepletedScore=50
[2026-01-07 20:24:00.585794] Condition: High Imbalance (>60)
[2026-01-07 20:24:00.588304] Fetched 8 food items for Vata
[2026-01-07 20:24:00.590596] Fetched 8 yoga items for Vata
[2026-01-07 20:24:00.593057] Fetched 8 lifestyle items for Vata
[2026-01-07 20:24:00.594920] Fetched 8 herbs for Vata
[2026-01-07 20:24:00.596072] Success. Returning JSON (Legacy Format).
[2026-01-07 20:25:21.944812] --- Script Started ---
[2026-01-07 20:25:22.404252] MySQL Connector imported successfully.
[2026-01-07 20:25:22.405582] Processing for User ID: 15
[2026-01-07 20:25:22.563839] Database connected successfully.
[2026-01-07 20:25:22.566535] Scores Found: Vata=105, Pitta=55, Kapha=50
[2026-01-07 20:25:22.567602] Fallback Dominant: Vata
[2026-01-07 20:25:22.568456] Logic Check: DomScore=105, DepletedScore=50
[2026-01-07 20:25:22.569636] Condition: High Imbalance (>60)
[2026-01-07 20:25:22.571625] Fetched 8 food items for Vata
[2026-01-07 20:25:22.573930] Fetched 8 yoga items for Vata
[2026-01-07 20:25:22.576097] Fetched 8 lifestyle items for Vata
[2026-01-07 20:25:22.578275] Fetched 8 herbs for Vata
[2026-01-07 20:25:22.579619] Success. Returning JSON (Legacy Format).
[2026-01-07 21:45:57.552528] --- Script Started ---
[2026-01-07 21:45:57.668939] MySQL Connector imported successfully.
[2026-01-07 21:45:57.669282] Processing for User ID: 15
[2026-01-07 21:45:57.724346] Database connected successfully.
[2026-01-07 21:45:57.725466] Scores Found: Vata=105, Pitta=55, Kapha=50
[2026-01-07 21:45:57.725743] Fallback Dominant: Vata
[2026-01-07 21:45:57.726017] Logic Check: DomScore=105, DepletedScore=50
[2026-01-07 21:45:57.726236] Condition: High Imbalance (>60)
[2026-01-07 21:45:57.739609] Fetched 8 food items for Vata
[2026-01-07 21:45:57.740412] Fetched 8 yoga items for Vata
[2026-01-07 21:45:57.741024] Fetched 8 lifestyle items for Vata
[2026-01-07 21:45:57.753834] Fetched 8 herbs for Vata
[2026-01-07 21:45:57.754609] Success. Returning JSON (Legacy Format).
[2026-01-07 21:46:32.419421] --- Script Started ---
[2026-01-07 21:46:32.515124] MySQL Connector imported successfully.
[2026-01-07 21:46:32.515459] Processing for User ID: 15
[2026-01-07 21:46:32.562034] Database connected successfully.
[2026-01-07 21:46:32.563297] Scores Found: Vata=105, Pitta=55, Kapha=50
[2026-01-07 21:46:32.563555] Fallback Dominant: Vata
[2026-01-07 21:46:32.564069] Logic Check: DomScore=105, DepletedScore=50
[2026-01-07 21:46:32.564326] Condition: High Imbalance (>60)
[2026-01-07 21:46:32.564821] Fetched 8 food items for Vata
[2026-01-07 21:46:32.565253] Fetched 8 yoga items for Vata
[2026-01-07 21:46:32.565878] Fetched 8 lifestyle items for Vata
[2026-01-07 21:46:32.566337] Fetched 8 herbs for Vata
[2026-01-07 21:46:32.566570] Success. Returning JSON (Legacy Format).
[2026-01-07 21:57:45.147919] --- Script Started ---
[2026-01-07 21:57:45.660024] MySQL Connector imported successfully.
[2026-01-07 21:57:45.660891] Processing for User ID: 15
[2026-01-07 21:57:45.751111] Database connected successfully.
[2026-01-07 21:57:45.752163] Scores Found: Vata=105, Pitta=55, Kapha=50
[2026-01-07 21:57:45.752407] Fallback Dominant: Vata
[2026-01-07 21:57:45.752723] Logic Check: DomScore=105, DepletedScore=50
[2026-01-07 21:57:45.753227] Condition: High Imbalance (>60)
[2026-01-07 21:57:45.754583] Fetched 8 food items for Vata
[2026-01-07 21:57:45.755776] Fetched 8 yoga items for Vata
[2026-01-07 21:57:45.756269] Fetched 8 lifestyle items for Vata
[2026-01-07 21:57:45.756765] Fetched 8 herbs for Vata
[2026-01-07 21:57:45.757031] Success. Returning JSON (Legacy Format).
[2026-01-07 22:05:56.608570] --- Script Started ---
[2026-01-07 22:05:56.703855] MySQL Connector imported successfully.
[2026-01-07 22:05:56.704463] Processing for User ID: 15
[2026-01-07 22:05:56.757691] Database connected successfully.
[2026-01-07 22:05:56.758705] Scores Found: Vata=105, Pitta=55, Kapha=50
[2026-01-07 22:05:56.759014] Fallback Dominant: Vata
[2026-01-07 22:05:56.759320] Logic Check: DomScore=105, DepletedScore=50
[2026-01-07 22:05:56.759514] Condition: High Imbalance (>60)
[2026-01-07 22:05:56.760264] Fetched 8 food items for Vata
[2026-01-07 22:05:56.760715] Fetched 8 yoga items for Vata
[2026-01-07 22:05:56.761124] Fetched 8 lifestyle items for Vata
[2026-01-07 22:05:56.761554] Fetched 8 herbs for Vata
[2026-01-07 22:05:56.761772] Success. Returning JSON (Legacy Format).
[2026-01-08 05:50:27.475774] --- Script Started ---
[2026-01-08 05:50:27.915214] MySQL Connector imported successfully.
[2026-01-08 05:50:27.916887] Processing for User ID: 15
[2026-01-08 05:50:28.060878] Database connected successfully.
[2026-01-08 05:50:28.064215] Scores Found: Vata=85, Pitta=30, Kapha=75
[2026-01-08 05:50:28.065295] Fallback Dominant: Vata
[2026-01-08 05:50:28.066147] Logic Check: DomScore=85, DepletedScore=30
[2026-01-08 05:50:28.066899] Condition: High Imbalance (>60)
[2026-01-08 05:50:28.067899] Condition: Adding Depleted Support (<=30)
[2026-01-08 05:50:28.096267] Fetched 8 food items for Vata
[2026-01-08 05:50:28.098212] Fetched 8 yoga items for Vata
[2026-01-08 05:50:28.099926] Fetched 8 lifestyle items for Vata
[2026-01-08 05:50:28.121726] Fetched 8 herbs for Vata
[2026-01-08 05:50:28.123743] Fetched 4 food items for Pitta
[2026-01-08 05:50:28.125511] Fetched 4 yoga items for Pitta
[2026-01-08 05:50:28.127394] Fetched 4 lifestyle items for Pitta
[2026-01-08 05:50:28.129505] Fetched 4 herbs for Pitta
[2026-01-08 05:50:28.130540] Success. Returning JSON (Legacy Format).
[2026-01-08 05:51:07.452187] --- Script Started ---
[2026-01-08 05:51:07.825778] MySQL Connector imported successfully.
[2026-01-08 05:51:07.826915] Processing for User ID: 15
[2026-01-08 05:51:07.964623] Database connected successfully.
[2026-01-08 05:51:07.967221] Scores Found: Vata=85, Pitta=30, Kapha=75
[2026-01-08 05:51:07.968298] Fallback Dominant: Vata
[2026-01-08 05:51:07.969247] Logic Check: DomScore=85, DepletedScore=30
[2026-01-08 05:51:07.970058] Condition: High Imbalance (>60)
[2026-01-08 05:51:07.970949] Condition: Adding Depleted Support (<=30)
[2026-01-08 05:51:07.972741] Fetched 8 food items for Vata
[2026-01-08 05:51:07.974327] Fetched 8 yoga items for Vata
[2026-01-08 05:51:07.976080] Fetched 8 lifestyle items for Vata
[2026-01-08 05:51:07.978077] Fetched 8 herbs for Vata
[2026-01-08 05:51:07.979882] Fetched 4 food items for Pitta
[2026-01-08 05:51:07.981522] Fetched 4 yoga items for Pitta
[2026-01-08 05:51:07.983528] Fetched 4 lifestyle items for Pitta
[2026-01-08 05:51:07.985350] Fetched 4 herbs for Pitta
[2026-01-08 05:51:07.986323] Success. Returning JSON (Legacy Format).
[2026-01-08 08:24:22.059357] --- Script Started ---
[2026-01-08 08:24:22.234942] MySQL Connector imported successfully.
[2026-01-08 08:24:22.235335] Processing for User ID: 15
[2026-01-08 08:24:22.311991] Database connected successfully.
[2026-01-08 08:24:22.314088] Scores Found: Vata=85, Pitta=30, Kapha=75
[2026-01-08 08:24:22.315051] Fallback Dominant: Vata
[2026-01-08 08:24:22.316129] Logic Check: DomScore=85, DepletedScore=30
[2026-01-08 08:24:22.316942] Condition: High Imbalance (>60)
[2026-01-08 08:24:22.317768] Condition: Adding Depleted Support (<=30)
[2026-01-08 08:24:22.339051] Fetched 8 food items for Vata
[2026-01-08 08:24:22.340127] Fetched 8 yoga items for Vata
[2026-01-08 08:24:22.341326] Fetched 8 lifestyle items for Vata
[2026-01-08 08:24:22.350565] Fetched 8 herbs for Vata
[2026-01-08 08:24:22.351464] Fetched 4 food items for Pitta
[2026-01-08 08:24:22.352291] Fetched 4 yoga items for Pitta
[2026-01-08 08:24:22.352894] Fetched 4 lifestyle items for Pitta
[2026-01-08 08:24:22.353535] Fetched 4 herbs for Pitta
[2026-01-08 08:24:22.353889] Success. Returning JSON (Legacy Format).
[2026-01-08 08:33:38.592187] --- Script Started ---
[2026-01-08 08:33:38.747313] MySQL Connector imported successfully.
[2026-01-08 08:33:38.747890] Processing for User ID: 15
[2026-01-08 08:33:38.922079] Database connected successfully.
[2026-01-08 08:33:38.923211] Scores Found: Vata=85, Pitta=30, Kapha=75
[2026-01-08 08:33:38.923568] Fallback Dominant: Vata
[2026-01-08 08:33:38.924013] Logic Check: DomScore=85, DepletedScore=30
[2026-01-08 08:33:38.924979] Condition: High Imbalance (>60)
[2026-01-08 08:33:38.925785] Condition: Adding Depleted Support (<=30)
[2026-01-08 08:33:38.926856] Fetched 8 food items for Vata
[2026-01-08 08:33:38.927735] Fetched 8 yoga items for Vata
[2026-01-08 08:33:38.928687] Fetched 8 lifestyle items for Vata
[2026-01-08 08:33:38.929387] Fetched 8 herbs for Vata
[2026-01-08 08:33:38.930362] Fetched 4 food items for Pitta
[2026-01-08 08:33:38.931162] Fetched 4 yoga items for Pitta
[2026-01-08 08:33:38.932070] Fetched 4 lifestyle items for Pitta
[2026-01-08 08:33:38.932832] Fetched 4 herbs for Pitta
[2026-01-08 08:33:38.933137] Success. Returning JSON (Legacy Format).
[2026-01-08 09:07:10.542508] --- Script Started ---
[2026-01-08 09:07:10.941972] MySQL Connector imported successfully.
[2026-01-08 09:07:10.943122] Processing for User ID: 15
[2026-01-08 09:07:11.105060] Database connected successfully.
[2026-01-08 09:07:11.107499] Scores Found: Vata=85, Pitta=30, Kapha=75
[2026-01-08 09:07:11.108504] Fallback Dominant: Vata
[2026-01-08 09:07:11.109389] Logic Check: DomScore=85, DepletedScore=30
[2026-01-08 09:07:11.110187] Condition: High Imbalance (>60)
[2026-01-08 09:07:11.111444] Condition: Adding Depleted Support (<=30)
[2026-01-08 09:07:11.114163] Fetched 8 food items for Vata
[2026-01-08 09:07:11.115903] Fetched 8 yoga items for Vata
[2026-01-08 09:07:11.118053] Fetched 8 lifestyle items for Vata
[2026-01-08 09:07:11.120576] Fetched 8 herbs for Vata
[2026-01-08 09:07:11.122751] Fetched 4 food items for Pitta
[2026-01-08 09:07:11.124825] Fetched 4 yoga items for Pitta
[2026-01-08 09:07:11.127079] Fetched 4 lifestyle items for Pitta
[2026-01-08 09:07:11.129033] Fetched 4 herbs for Pitta
[2026-01-08 09:07:11.130238] Success. Returning JSON (Legacy Format).
[2026-01-08 15:49:11.073754] --- Script Started ---
[2026-01-08 15:49:12.459560] MySQL Connector imported successfully.
[2026-01-08 15:49:12.460684] Processing for User ID: 15
[2026-01-08 15:49:12.624924] Database connected successfully.
[2026-01-08 15:49:12.627448] Scores Found: Vata=85, Pitta=30, Kapha=75
[2026-01-08 15:49:12.628411] Fallback Dominant: Vata
[2026-01-08 15:49:12.629185] Logic Check: DomScore=85, DepletedScore=30
[2026-01-08 15:49:12.629902] Condition: High Imbalance (>60)
[2026-01-08 15:49:12.630688] Condition: Adding Depleted Support (<=30)
[2026-01-08 15:49:12.670727] Fetched 8 food items for Vata
[2026-01-08 15:49:12.672656] Fetched 8 yoga items for Vata
[2026-01-08 15:49:12.674453] Fetched 8 lifestyle items for Vata
[2026-01-08 15:49:12.713821] Fetched 8 herbs for Vata
[2026-01-08 15:49:12.715917] Fetched 4 food items for Pitta
[2026-01-08 15:49:12.717670] Fetched 4 yoga items for Pitta
[2026-01-08 15:49:12.719340] Fetched 4 lifestyle items for Pitta
[2026-01-08 15:49:12.720967] Fetched 4 herbs for Pitta
[2026-01-08 15:49:12.721716] Success. Returning JSON (Legacy Format).
[2026-01-09 18:17:45.913625] --- Script Started ---
[2026-01-09 18:17:46.364004] MySQL Connector imported successfully.
[2026-01-09 18:17:46.365194] Processing for User ID: 15
[2026-01-09 18:17:46.519146] Database connected successfully.
[2026-01-09 18:17:46.520484] Scores Found: Vata=30, Pitta=65, Kapha=70
[2026-01-09 18:17:46.521571] Fallback Dominant: Kapha
[2026-01-09 18:17:46.522188] Logic Check: DomScore=70, DepletedScore=30
[2026-01-09 18:17:46.523032] Condition: High Imbalance (>60)
[2026-01-09 18:17:46.523828] Condition: Adding Depleted Support (<=30)
[2026-01-09 18:17:46.543837] Fetched 8 food items for Kapha
[2026-01-09 18:17:46.546235] Fetched 8 yoga items for Kapha
[2026-01-09 18:17:46.548369] Fetched 8 lifestyle items for Kapha
[2026-01-09 18:17:46.568383] Fetched 8 herbs for Kapha
[2026-01-09 18:17:46.570240] Fetched 4 food items for Vata
[2026-01-09 18:17:46.571879] Fetched 4 yoga items for Vata
[2026-01-09 18:17:46.573519] Fetched 4 lifestyle items for Vata
[2026-01-09 18:17:46.575198] Fetched 4 herbs for Vata
[2026-01-09 18:17:46.576292] Success. Returning JSON (Legacy Format).
[2026-01-11 20:10:33.461599] --- Script Started ---
[2026-01-11 20:10:33.811043] MySQL Connector imported successfully.
[2026-01-11 20:10:33.812271] Processing for User ID: 15
[2026-01-11 20:10:33.957041] Database connected successfully.
[2026-01-11 20:10:33.959601] Scores Found: Vata=25, Pitta=65, Kapha=35
[2026-01-11 20:10:33.960585] Fallback Dominant: Pitta
[2026-01-11 20:10:33.961707] Logic Check: DomScore=65, DepletedScore=25
[2026-01-11 20:10:33.962291] Condition: High Imbalance (>60)
[2026-01-11 20:10:33.963136] Condition: Adding Depleted Support (<=30)
[2026-01-11 20:10:33.990638] Fetched 8 food items for Pitta
[2026-01-11 20:10:33.992988] Fetched 8 yoga items for Pitta
[2026-01-11 20:10:33.995604] Fetched 8 lifestyle items for Pitta
[2026-01-11 20:10:34.010441] Fetched 8 herbs for Pitta
[2026-01-11 20:10:34.012287] Fetched 4 food items for Vata
[2026-01-11 20:10:34.014775] Fetched 4 yoga items for Vata
[2026-01-11 20:10:34.016521] Fetched 4 lifestyle items for Vata
[2026-01-11 20:10:34.018516] Fetched 4 herbs for Vata
[2026-01-11 20:10:34.019677] Success. Returning JSON (Legacy Format).
[2026-01-11 20:12:14.709429] --- Script Started ---
[2026-01-11 20:12:15.164860] MySQL Connector imported successfully.
[2026-01-11 20:12:15.166382] Processing for User ID: 15
[2026-01-11 20:12:15.328129] Database connected successfully.
[2026-01-11 20:12:15.330856] Scores Found: Vata=25, Pitta=65, Kapha=35
[2026-01-11 20:12:15.332084] Fallback Dominant: Pitta
[2026-01-11 20:12:15.333208] Logic Check: DomScore=65, DepletedScore=25
[2026-01-11 20:12:15.334353] Condition: High Imbalance (>60)
[2026-01-11 20:12:15.335722] Condition: Adding Depleted Support (<=30)
[2026-01-11 20:12:15.338083] Fetched 8 food items for Pitta
[2026-01-11 20:12:15.339741] Fetched 8 yoga items for Pitta
[2026-01-11 20:12:15.342253] Fetched 8 lifestyle items for Pitta
[2026-01-11 20:12:15.344598] Fetched 8 herbs for Pitta
[2026-01-11 20:12:15.346698] Fetched 4 food items for Vata
[2026-01-11 20:12:15.348603] Fetched 4 yoga items for Vata
[2026-01-11 20:12:15.350442] Fetched 4 lifestyle items for Vata
[2026-01-11 20:12:15.352179] Fetched 4 herbs for Vata
[2026-01-11 20:12:15.353420] Success. Returning JSON (Legacy Format).
[2026-01-11 20:13:08.920093] --- Script Started ---
[2026-01-11 20:13:09.286254] MySQL Connector imported successfully.
[2026-01-11 20:13:09.287616] Processing for User ID: 1
[2026-01-11 20:13:09.463247] Database connected successfully.
[2026-01-11 20:13:09.467084] Scores Found: Vata=80, Pitta=50, Kapha=20
[2026-01-11 20:13:09.468288] Fallback Dominant: Vata
[2026-01-11 20:13:09.469277] Logic Check: DomScore=80, DepletedScore=20
[2026-01-11 20:13:09.470203] Condition: High Imbalance (>60)
[2026-01-11 20:13:09.471090] Condition: Adding Depleted Support (<=30)
[2026-01-11 20:13:09.473153] Fetched 8 food items for Vata
[2026-01-11 20:13:09.475334] Fetched 8 yoga items for Vata
[2026-01-11 20:13:09.477365] Fetched 8 lifestyle items for Vata
[2026-01-11 20:13:09.479537] Fetched 8 herbs for Vata
[2026-01-11 20:13:09.481872] Fetched 4 food items for Kapha
[2026-01-11 20:13:09.483942] Fetched 4 yoga items for Kapha
[2026-01-11 20:13:09.485738] Fetched 4 lifestyle items for Kapha
[2026-01-11 20:13:09.487716] Fetched 4 herbs for Kapha
[2026-01-11 20:13:09.488883] Success. Returning JSON (Legacy Format).
[2026-01-11 20:14:20.585938] --- Script Started ---
[2026-01-11 20:14:21.034651] MySQL Connector imported successfully.
[2026-01-11 20:14:21.036101] Processing for User ID: 15
[2026-01-11 20:14:21.200299] Database connected successfully.
[2026-01-11 20:14:21.203171] Scores Found: Vata=25, Pitta=65, Kapha=35
[2026-01-11 20:14:21.204501] Fallback Dominant: Pitta
[2026-01-11 20:14:21.205529] Logic Check: DomScore=65, DepletedScore=25
[2026-01-11 20:14:21.206603] Condition: High Imbalance (>60)
[2026-01-11 20:14:21.207724] Condition: Adding Depleted Support (<=30)
[2026-01-11 20:14:21.210418] Fetched 8 food items for Pitta
[2026-01-11 20:14:21.212550] Fetched 8 yoga items for Pitta
[2026-01-11 20:14:21.214453] Fetched 8 lifestyle items for Pitta
[2026-01-11 20:14:21.216753] Fetched 8 herbs for Pitta
[2026-01-11 20:14:21.218826] Fetched 4 food items for Vata
[2026-01-11 20:14:21.221011] Fetched 4 yoga items for Vata
[2026-01-11 20:14:21.223005] Fetched 4 lifestyle items for Vata
[2026-01-11 20:14:21.225188] Fetched 4 herbs for Vata
[2026-01-11 20:14:21.226477] Success. Returning JSON (Legacy Format).
[2026-01-11 20:19:37.372713] --- Script Started ---
[2026-01-11 20:19:37.772427] MySQL Connector imported successfully.
[2026-01-11 20:19:37.773583] Processing for User ID: 15
[2026-01-11 20:19:37.940361] Database connected successfully.
[2026-01-11 20:19:37.943363] Scores Found: Vata=25, Pitta=65, Kapha=35
[2026-01-11 20:19:37.944721] Fallback Dominant: Pitta
[2026-01-11 20:19:37.945912] Logic Check: DomScore=65, DepletedScore=25
[2026-01-11 20:19:37.946927] Condition: High Imbalance (>60)
[2026-01-11 20:19:37.948132] Condition: Adding Depleted Support (<=30)
[2026-01-11 20:19:37.951903] Fetched 8 food items for Pitta
[2026-01-11 20:19:37.954301] Fetched 8 yoga items for Pitta
[2026-01-11 20:19:37.956580] Fetched 8 lifestyle items for Pitta
[2026-01-11 20:19:37.958692] Fetched 8 herbs for Pitta
[2026-01-11 20:19:37.960988] Fetched 4 food items for Vata
[2026-01-11 20:19:37.963413] Fetched 4 yoga items for Vata
[2026-01-11 20:19:37.965921] Fetched 4 lifestyle items for Vata
[2026-01-11 20:19:37.968201] Fetched 4 herbs for Vata
[2026-01-11 20:19:37.969889] Success. Returning JSON (Legacy Format).
[2026-01-11 20:20:29.882047] --- Script Started ---
[2026-01-11 20:20:30.286807] MySQL Connector imported successfully.
[2026-01-11 20:20:30.288364] Processing for User ID: 15
[2026-01-11 20:20:30.427705] Database connected successfully.
[2026-01-11 20:20:30.430750] Scores Found: Vata=25, Pitta=65, Kapha=35
[2026-01-11 20:20:30.432128] Fallback Dominant: Pitta
[2026-01-11 20:20:30.433485] Logic Check: DomScore=65, DepletedScore=25
[2026-01-11 20:20:30.434633] Condition: High Imbalance (>60)
[2026-01-11 20:20:30.435934] Condition: Adding Depleted Support (<=30)
[2026-01-11 20:20:33.190967] CRITICAL ERROR: 2013 (HY000): Lost connection to MySQL server during query
[2026-01-11 20:21:18.030516] --- Script Started ---
[2026-01-11 20:21:18.211779] MySQL Connector imported successfully.
[2026-01-11 20:21:18.212266] Processing for User ID: 15
[2026-01-11 20:21:18.291925] Database connected successfully.
[2026-01-11 20:21:18.294032] Scores Found: Vata=25, Pitta=65, Kapha=35
[2026-01-11 20:21:18.294580] Fallback Dominant: Pitta
[2026-01-11 20:21:18.295136] Logic Check: DomScore=65, DepletedScore=25
[2026-01-11 20:21:18.296191] Condition: High Imbalance (>60)
[2026-01-11 20:21:18.297084] Condition: Adding Depleted Support (<=30)
[2026-01-11 20:21:18.313964] Fetched 8 food items for Pitta
[2026-01-11 20:21:18.315120] Fetched 8 yoga items for Pitta
[2026-01-11 20:21:18.316453] Fetched 8 lifestyle items for Pitta
[2026-01-11 20:21:18.326525] Fetched 8 herbs for Pitta
[2026-01-11 20:21:18.327866] Fetched 4 food items for Vata
[2026-01-11 20:21:18.329454] Fetched 4 yoga items for Vata
[2026-01-11 20:21:18.330737] Fetched 4 lifestyle items for Vata
[2026-01-11 20:21:18.331450] Fetched 4 herbs for Vata
[2026-01-11 20:21:18.332412] Success. Returning JSON (Legacy Format).
[2026-01-11 20:22:59.770464] --- Script Started ---
[2026-01-11 20:22:59.943438] MySQL Connector imported successfully.
[2026-01-11 20:22:59.943981] Processing for User ID: 15
[2026-01-11 20:23:00.072347] Database connected successfully.
[2026-01-11 20:23:00.074153] Scores Found: Vata=25, Pitta=65, Kapha=35
[2026-01-11 20:23:00.074628] Fallback Dominant: Pitta
[2026-01-11 20:23:00.075155] Logic Check: DomScore=65, DepletedScore=25
[2026-01-11 20:23:00.076066] Condition: High Imbalance (>60)
[2026-01-11 20:23:00.076848] Condition: Adding Depleted Support (<=30)
[2026-01-11 20:23:00.078406] Fetched 8 food items for Pitta
[2026-01-11 20:23:00.080155] Fetched 8 yoga items for Pitta
[2026-01-11 20:23:00.081701] Fetched 8 lifestyle items for Pitta
[2026-01-11 20:23:00.083038] Fetched 8 herbs for Pitta
[2026-01-11 20:23:00.084006] Fetched 4 food items for Vata
[2026-01-11 20:23:00.085190] Fetched 4 yoga items for Vata
[2026-01-11 20:23:00.086324] Fetched 4 lifestyle items for Vata
[2026-01-11 20:23:00.087543] Fetched 4 herbs for Vata
[2026-01-11 20:23:00.088180] Success. Returning JSON (Legacy Format).
[2026-01-11 20:23:02.465422] --- Script Started ---
[2026-01-11 20:23:02.646916] MySQL Connector imported successfully.
[2026-01-11 20:23:02.647336] Processing for User ID: 15
[2026-01-11 20:23:02.725655] Database connected successfully.
[2026-01-11 20:23:02.726998] Scores Found: Vata=25, Pitta=65, Kapha=35
[2026-01-11 20:23:02.727474] Fallback Dominant: Pitta
[2026-01-11 20:23:02.728055] Logic Check: DomScore=65, DepletedScore=25
[2026-01-11 20:23:02.728561] Condition: High Imbalance (>60)
[2026-01-11 20:23:02.729588] Condition: Adding Depleted Support (<=30)
[2026-01-11 20:23:02.730950] Fetched 8 food items for Pitta
[2026-01-11 20:23:02.731921] Fetched 8 yoga items for Pitta
[2026-01-11 20:23:02.732953] Fetched 8 lifestyle items for Pitta
[2026-01-11 20:23:02.733996] Fetched 8 herbs for Pitta
[2026-01-11 20:23:02.734859] Fetched 4 food items for Vata
[2026-01-11 20:23:02.735523] Fetched 4 yoga items for Vata
[2026-01-11 20:23:02.736210] Fetched 4 lifestyle items for Vata
[2026-01-11 20:23:02.737077] Fetched 4 herbs for Vata
[2026-01-11 20:23:02.737434] Success. Returning JSON (Legacy Format).
